n/gray_gray_99.jpg
n/gray_gray_98.jpg
n/gray_gray_97.jpg
n/gray_gray_96.jpg
n/gray_gray_95.jpg
n/gray_gray_94.jpg
n/gray_gray_93.jpg
n/gray_gray_92.jpg
n/gray_gray_91.jpg
n/gray_gray_90.jpg
n/gray_gray_9.jpg
n/gray_gray_89.jpg
n/gray_gray_88.jpg
n/gray_gray_87.jpg
n/gray_gray_86.jpg
n/gray_gray_85.jpg
n/gray_gray_84.jpg
n/gray_gray_83.jpg
n/gray_gray_82.jpg
n/gray_gray_81.jpg
n/gray_gray_80.jpg
n/gray_gray_8.jpg
n/gray_gray_79.jpg
n/gray_gray_78.jpg
n/gray_gray_77.jpg
n/gray_gray_76.jpg
n/gray_gray_75.jpg
n/gray_gray_74.jpg
n/gray_gray_73.jpg
n/gray_gray_72.jpg
n/gray_gray_71.jpg
n/gray_gray_70.jpg
n/gray_gray_7.jpg
n/gray_gray_69.jpg
n/gray_gray_68.jpg
n/gray_gray_67.jpg
n/gray_gray_66.jpg
n/gray_gray_65.jpg
n/gray_gray_64.jpg
n/gray_gray_63.jpg
n/gray_gray_62.jpg
n/gray_gray_61.jpg
n/gray_gray_60.jpg
n/gray_gray_6.jpg
n/gray_gray_59.jpg
n/gray_gray_58.jpg
n/gray_gray_57.jpg
n/gray_gray_56.jpg
n/gray_gray_55.jpg
n/gray_gray_54.jpg
n/gray_gray_53.jpg
n/gray_gray_52.jpg
n/gray_gray_51.jpg
n/gray_gray_50.jpg
n/gray_gray_5.jpg
n/gray_gray_49.jpg
n/gray_gray_48.jpg
n/gray_gray_47.jpg
n/gray_gray_46.jpg
n/gray_gray_45.jpg
n/gray_gray_44.jpg
n/gray_gray_43.jpg
n/gray_gray_42.jpg
n/gray_gray_41.jpg
n/gray_gray_40.jpg
n/gray_gray_4.jpg
n/gray_gray_39.jpg
n/gray_gray_38.jpg
n/gray_gray_37.jpg
n/gray_gray_36.jpg
n/gray_gray_35.jpg
n/gray_gray_34.jpg
n/gray_gray_33.jpg
n/gray_gray_32.jpg
n/gray_gray_31.jpg
n/gray_gray_30.jpg
n/gray_gray_3.jpg
n/gray_gray_29.jpg
n/gray_gray_28.jpg
n/gray_gray_275.jpg
n/gray_gray_274.jpg
n/gray_gray_273.jpg
n/gray_gray_272.jpg
n/gray_gray_271.jpg
n/gray_gray_270.jpg
n/gray_gray_27.jpg
n/gray_gray_269.jpg
n/gray_gray_268.jpg
n/gray_gray_267.jpg
n/gray_gray_266.jpg
n/gray_gray_265.jpg
n/gray_gray_264.jpg
n/gray_gray_263.jpg
n/gray_gray_262.jpg
n/gray_gray_261.jpg
n/gray_gray_260.jpg
n/gray_gray_26.jpg
n/gray_gray_259.jpg
n/gray_gray_258.jpg
n/gray_gray_257.jpg
n/gray_gray_256.jpg
n/gray_gray_255.jpg
n/gray_gray_254.jpg
n/gray_gray_253.jpg
n/gray_gray_252.jpg
n/gray_gray_251.jpg
n/gray_gray_250.jpg
n/gray_gray_25.jpg
n/gray_gray_249.jpg
n/gray_gray_248.jpg
n/gray_gray_247.jpg
n/gray_gray_246.jpg
n/gray_gray_245.jpg
n/gray_gray_244.jpg
n/gray_gray_243.jpg
n/gray_gray_242.jpg
n/gray_gray_241.jpg
n/gray_gray_240.jpg
n/gray_gray_24.jpg
n/gray_gray_239.jpg
n/gray_gray_238.jpg
n/gray_gray_237.jpg
n/gray_gray_236.jpg
n/gray_gray_235.jpg
n/gray_gray_234.jpg
n/gray_gray_233.jpg
n/gray_gray_232.jpg
n/gray_gray_231.jpg
n/gray_gray_230.jpg
n/gray_gray_23.jpg
n/gray_gray_229.jpg
n/gray_gray_228.jpg
n/gray_gray_227.jpg
n/gray_gray_226.jpg
n/gray_gray_225.jpg
n/gray_gray_224.jpg
n/gray_gray_223.jpg
n/gray_gray_222.jpg
n/gray_gray_221.jpg
n/gray_gray_220.jpg
n/gray_gray_22.jpg
n/gray_gray_219.jpg
n/gray_gray_218.jpg
n/gray_gray_217.jpg
n/gray_gray_216.jpg
n/gray_gray_215.jpg
n/gray_gray_214.jpg
n/gray_gray_213.jpg
n/gray_gray_212.jpg
n/gray_gray_211.jpg
n/gray_gray_210.jpg
n/gray_gray_21.jpg
n/gray_gray_209.jpg
n/gray_gray_208.jpg
n/gray_gray_207.jpg
n/gray_gray_206.jpg
n/gray_gray_205.jpg
n/gray_gray_204.jpg
n/gray_gray_203.jpg
n/gray_gray_202.jpg
n/gray_gray_201.jpg
n/gray_gray_200.jpg
n/gray_gray_20.jpg
n/gray_gray_2.jpg
n/gray_gray_199.jpg
n/gray_gray_198.jpg
n/gray_gray_197.jpg
n/gray_gray_196.jpg
n/gray_gray_195.jpg
n/gray_gray_194.jpg
n/gray_gray_193.jpg
n/gray_gray_192.jpg
n/gray_gray_191.jpg
n/gray_gray_190.jpg
n/gray_gray_19.jpg
n/gray_gray_189.jpg
n/gray_gray_188.jpg
n/gray_gray_187.jpg
n/gray_gray_186.jpg
n/gray_gray_185.jpg
n/gray_gray_184.jpg
n/gray_gray_183.jpg
n/gray_gray_182.jpg
n/gray_gray_181.jpg
n/gray_gray_180.jpg
n/gray_gray_18.jpg
n/gray_gray_179.jpg
n/gray_gray_178.jpg
n/gray_gray_177.jpg
n/gray_gray_176.jpg
n/gray_gray_175.jpg
n/gray_gray_174.jpg
n/gray_gray_173.jpg
n/gray_gray_172.jpg
n/gray_gray_171.jpg
n/gray_gray_170.jpg
n/gray_gray_17.jpg
n/gray_gray_169.jpg
n/gray_gray_168.jpg
n/gray_gray_167.jpg
n/gray_gray_166.jpg
n/gray_gray_165.jpg
n/gray_gray_164.jpg
n/gray_gray_163.jpg
n/gray_gray_162.jpg
n/gray_gray_161.jpg
n/gray_gray_160.jpg
n/gray_gray_16.jpg
n/gray_gray_159.jpg
n/gray_gray_158.jpg
n/gray_gray_157.jpg
n/gray_gray_156.jpg
n/gray_gray_155.jpg
n/gray_gray_154.jpg
n/gray_gray_153.jpg
n/gray_gray_152.jpg
n/gray_gray_151.jpg
n/gray_gray_150.jpg
n/gray_gray_15.jpg
n/gray_gray_149.jpg
n/gray_gray_148.jpg
n/gray_gray_147.jpg
n/gray_gray_146.jpg
n/gray_gray_145.jpg
n/gray_gray_144.jpg
n/gray_gray_143.jpg
n/gray_gray_142.jpg
n/gray_gray_141.jpg
n/gray_gray_140.jpg
n/gray_gray_14.jpg
n/gray_gray_139.jpg
n/gray_gray_138.jpg
n/gray_gray_137.jpg
n/gray_gray_136.jpg
n/gray_gray_135.jpg
n/gray_gray_134.jpg
n/gray_gray_133.jpg
n/gray_gray_132.jpg
n/gray_gray_131.jpg
n/gray_gray_130.jpg
n/gray_gray_13.jpg
n/gray_gray_129.jpg
n/gray_gray_128.jpg
n/gray_gray_127.jpg
n/gray_gray_126.jpg
n/gray_gray_125.jpg
n/gray_gray_124.jpg
n/gray_gray_123.jpg
n/gray_gray_122.jpg
n/gray_gray_121.jpg
n/gray_gray_120.jpg
n/gray_gray_12.jpg
n/gray_gray_119.jpg
n/gray_gray_118.jpg
n/gray_gray_117.jpg
n/gray_gray_116.jpg
n/gray_gray_115.jpg
n/gray_gray_114.jpg
n/gray_gray_113.jpg
n/gray_gray_112.jpg
n/gray_gray_111.jpg
n/gray_gray_110.jpg
n/gray_gray_11.jpg
n/gray_gray_109.jpg
n/gray_gray_108.jpg
n/gray_gray_107.jpg
n/gray_gray_106.jpg
n/gray_gray_105.jpg
n/gray_gray_104.jpg
n/gray_gray_103.jpg
n/gray_gray_102.jpg
n/gray_gray_101.jpg
n/gray_gray_100.jpg
n/gray_gray_10.jpg
n/gray_gray_1.jpg
n/gray_gray_0.jpg