n/gray_99.jpg
n/gray_98.jpg
n/gray_97.jpg
n/gray_96.jpg
n/gray_95.jpg
n/gray_94.jpg
n/gray_93.jpg
n/gray_92.jpg
n/gray_91.jpg
n/gray_90.jpg
n/gray_9.jpg
n/gray_89.jpg
n/gray_88.jpg
n/gray_87.jpg
n/gray_86.jpg
n/gray_85.jpg
n/gray_84.jpg
n/gray_83.jpg
n/gray_82.jpg
n/gray_81.jpg
n/gray_80.jpg
n/gray_8.jpg
n/gray_79.jpg
n/gray_78.jpg
n/gray_77.jpg
n/gray_76.jpg
n/gray_75.jpg
n/gray_74.jpg
n/gray_73.jpg
n/gray_72.jpg
n/gray_71.jpg
n/gray_70.jpg
n/gray_7.jpg
n/gray_69.jpg
n/gray_68.jpg
n/gray_67.jpg
n/gray_66.jpg
n/gray_65.jpg
n/gray_64.jpg
n/gray_63.jpg
n/gray_62.jpg
n/gray_61.jpg
n/gray_60.jpg
n/gray_6.jpg
n/gray_59.jpg
n/gray_58.jpg
n/gray_57.jpg
n/gray_56.jpg
n/gray_55.jpg
n/gray_54.jpg
n/gray_53.jpg
n/gray_52.jpg
n/gray_51.jpg
n/gray_50.jpg
n/gray_5.jpg
n/gray_49.jpg
n/gray_48.jpg
n/gray_47.jpg
n/gray_46.jpg
n/gray_45.jpg
n/gray_44.jpg
n/gray_43.jpg
n/gray_42.jpg
n/gray_41.jpg
n/gray_40.jpg
n/gray_4.jpg
n/gray_39.jpg
n/gray_38.jpg
n/gray_37.jpg
n/gray_36.jpg
n/gray_35.jpg
n/gray_34.jpg
n/gray_33.jpg
n/gray_32.jpg
n/gray_31.jpg
n/gray_30.jpg
n/gray_3.jpg
n/gray_29.jpg
n/gray_28.jpg
n/gray_275.jpg
n/gray_274.jpg
n/gray_273.jpg
n/gray_272.jpg
n/gray_271.jpg
n/gray_270.jpg
n/gray_27.jpg
n/gray_269.jpg
n/gray_268.jpg
n/gray_267.jpg
n/gray_266.jpg
n/gray_265.jpg
n/gray_264.jpg
n/gray_263.jpg
n/gray_262.jpg
n/gray_261.jpg
n/gray_260.jpg
n/gray_26.jpg
n/gray_259.jpg
n/gray_258.jpg
n/gray_257.jpg
n/gray_256.jpg
n/gray_255.jpg
n/gray_254.jpg
n/gray_253.jpg
n/gray_252.jpg
n/gray_251.jpg
n/gray_250.jpg
n/gray_25.jpg
n/gray_249.jpg
n/gray_248.jpg
n/gray_247.jpg
n/gray_246.jpg
n/gray_245.jpg
n/gray_244.jpg
n/gray_243.jpg
n/gray_242.jpg
n/gray_241.jpg
n/gray_240.jpg
n/gray_24.jpg
n/gray_239.jpg
n/gray_238.jpg
n/gray_237.jpg
n/gray_236.jpg
n/gray_235.jpg
n/gray_234.jpg
n/gray_233.jpg
n/gray_232.jpg
n/gray_231.jpg
n/gray_230.jpg
n/gray_23.jpg
n/gray_229.jpg
n/gray_228.jpg
n/gray_227.jpg
n/gray_226.jpg
n/gray_225.jpg
n/gray_224.jpg
n/gray_223.jpg
n/gray_222.jpg
n/gray_221.jpg
n/gray_220.jpg
n/gray_22.jpg
n/gray_219.jpg
n/gray_218.jpg
n/gray_217.jpg
n/gray_216.jpg
n/gray_215.jpg
n/gray_214.jpg
n/gray_213.jpg
n/gray_212.jpg
n/gray_211.jpg
n/gray_210.jpg
n/gray_21.jpg
n/gray_209.jpg
n/gray_208.jpg
n/gray_207.jpg
n/gray_206.jpg
n/gray_205.jpg
n/gray_204.jpg
n/gray_203.jpg
n/gray_202.jpg
n/gray_201.jpg
n/gray_200.jpg
n/gray_20.jpg
n/gray_2.jpg
n/gray_199.jpg
n/gray_198.jpg
n/gray_197.jpg
n/gray_196.jpg
n/gray_195.jpg
n/gray_194.jpg
n/gray_193.jpg
n/gray_192.jpg
n/gray_191.jpg
n/gray_190.jpg
n/gray_19.jpg
n/gray_189.jpg
n/gray_188.jpg
n/gray_187.jpg
n/gray_186.jpg
n/gray_185.jpg
n/gray_184.jpg
n/gray_183.jpg
n/gray_182.jpg
n/gray_181.jpg
n/gray_180.jpg
n/gray_18.jpg
n/gray_179.jpg
n/gray_178.jpg
n/gray_177.jpg
n/gray_176.jpg
n/gray_175.jpg
n/gray_174.jpg
n/gray_173.jpg
n/gray_172.jpg
n/gray_171.jpg
n/gray_170.jpg
n/gray_17.jpg
n/gray_169.jpg
n/gray_168.jpg
n/gray_167.jpg
n/gray_166.jpg
n/gray_165.jpg
n/gray_164.jpg
n/gray_163.jpg
n/gray_162.jpg
n/gray_161.jpg
n/gray_160.jpg
n/gray_16.jpg
n/gray_159.jpg
n/gray_158.jpg
n/gray_157.jpg
n/gray_156.jpg
n/gray_155.jpg
n/gray_154.jpg
n/gray_153.jpg
n/gray_152.jpg
n/gray_151.jpg
n/gray_150.jpg
n/gray_15.jpg
n/gray_149.jpg
n/gray_148.jpg
n/gray_147.jpg
n/gray_146.jpg
n/gray_145.jpg
n/gray_144.jpg
n/gray_143.jpg
n/gray_142.jpg
n/gray_141.jpg
n/gray_140.jpg
n/gray_14.jpg
n/gray_139.jpg
n/gray_138.jpg
n/gray_137.jpg
n/gray_136.jpg
n/gray_135.jpg
n/gray_134.jpg
n/gray_133.jpg
n/gray_132.jpg
n/gray_131.jpg
n/gray_130.jpg
n/gray_13.jpg
n/gray_129.jpg
n/gray_128.jpg
n/gray_127.jpg
n/gray_126.jpg
n/gray_125.jpg
n/gray_124.jpg
n/gray_123.jpg
n/gray_122.jpg
n/gray_121.jpg
n/gray_120.jpg
n/gray_12.jpg
n/gray_119.jpg
n/gray_118.jpg
n/gray_117.jpg
n/gray_116.jpg
n/gray_115.jpg
n/gray_114.jpg
n/gray_113.jpg
n/gray_112.jpg
n/gray_111.jpg
n/gray_110.jpg
n/gray_11.jpg
n/gray_109.jpg
n/gray_108.jpg
n/gray_107.jpg
n/gray_106.jpg
n/gray_105.jpg
n/gray_104.jpg
n/gray_103.jpg
n/gray_102.jpg
n/gray_101.jpg
n/gray_100.jpg
n/gray_10.jpg
n/gray_1.jpg
n/gray_0.jpg